    Finished `release` profile [optimized] target(s) in 0.53s
     Running `target/release/knowledgedrift --v2 --sizes 500 --seed 3 --arms engram,rag,grep,curated,whole,chance,tfidf --json results/v2/reference-arms/500-seed3.json`
knowledgedrift 1.0.0 — embedder bge-small-en-v1.5, reranker jina-reranker-v1-turbo-en, nli deberta-v3-small-tasksource-nli, seed 3, pollution 10% (stale)
edition 2: additive score = families (800) + signal (100) + tokens (100)
world 500: 641 notes, 530 edges, 4252 ops, 3049 probes
  engram: 3008 tasks, success 0.690, 632s
    settle: auto-tune left the defaults; weak line 0.901; sweep queued 0
  rag: 3008 tasks, success 0.518, 39s
  grep: 3008 tasks, success 0.403, 3s
  curated: 3008 tasks, success 0.074, 1s
  whole: 3008 tasks, success 0.692, 1s
  chance: 3008 tasks, success 0.034, 0s
  tfidf: 3008 tasks, success 0.430, 15s
    settle: token differencing nominated 199 pairs

== 500 tested facts, 641 notes, v2 ==
  arm       posed attempted passed  success   of att. composite     S  mult   score  standing    tok/q
  engram     3008      3008   2077      69%       69%     0.787  0.64   6.4     739      3880      205
  rag        3008      2709   1557      52%       57%     0.444  0.11   1.1     374         0     2262
  grep       3008      2709   1211      40%       45%     0.398  0.11   1.1     328         0     2732
  curated    3008      2584    223       7%        9%     0.148  0.03   0.3     119      2998     2952
  whole      3008      2584   2082      69%       81%     0.483  0.00   0.1     387    142881   134995
  chance     3008      2709    103       3%        4%     0.133  0.10   1.0     117         0     2259
  tfidf      3008      2941   1292      43%       44%     0.557  0.82   8.2     587         0      141
  arm      families   signal  tokens   score    billed
  engram        630       35      74     739       400
  rag           355        8      10     374      2262
  grep          318        6       3     328      2733
  curated       119        0       1     119      2952
  whole         387        0       0     387    134995
  chance        106        0      10     117      2260
  tfidf         445       42     100     587       141
  engram   success  69% = 2077 passed of 3008 posed (attempted 3008/3008,  69% of those passed)   composite 0.787   S 0.64 ×6.4   score 739   standing 3880 tok   205 tok/query
           v2 score 739 = families 630 + signal 35 + tokens 74 (billed 400 tok/query)
    retrieval      2000   61%  r@1 0.52  r@5 0.63  lexical_r@5 1.00  paraphrase_r@5 0.99  oblique_r@5 0.52  crossed_r@5 0.02  stale_above 0.19  hedge 0.41  noise 0.49
    abstention      238   99%  fp 0.01  phantom_fp 0.00  natural_fp 0.02  answered 1.00  declined 0.99  separation 0.70
    currency        100   88%  head_r@1 0.72  head_r@5 0.84  pollution 0.00  lineage 1.00
    contradiction   166   46%  t1_recall 0.00  t2_recall 0.12  t3_recall 0.04  t2_false_alarm 0.00  t3_false_alarm 0.00  queued 0.10  flagged 0.05  absorbed 0.03
    drift            66   45%  noticed 0.45  flagged 0.26
    deletion        125   93%  released_gone 1.00  purged_gone 1.00  trace 1.00  marker_leak 1.00  resurrection_warned 0.79  purged_rewrite_warned 0.00
    rationale       188   97%  direct_r@5 0.01  assisted_r@5 0.97  structure_only 0.96
    temporal        125  100%  in_window_r@5 1.00  leak 0.00
  rag      success  52% = 1557 passed of 3008 posed (attempted 2709/3008,  57% of those passed)   composite 0.444   S 0.11 ×1.1   score 374   standing 0 tok   2262 tok/query
           v2 score 374 = families 355 + signal 8 + tokens 10 (billed 2262 tok/query)
    retrieval      2000   64%  r@1 0.51  r@5 0.67  lexical_r@5 1.00  paraphrase_r@5 0.98  oblique_r@5 0.53  crossed_r@5 0.18  stale_above 0.30  hedge 0.00  noise 0.93
    abstention      238    0%  fp 1.00  phantom_fp 1.00  natural_fp 1.00  answered 1.00  declined 0.00  separation 0.60
    currency         75   87%  head_r@1 0.72  head_r@5 0.87  pollution 0.00
    contradiction     -  n/a — no suspect nomination
    drift             -  n/a — no suspect nomination
    deletion         83  100%  released_gone 1.00  purged_gone 1.00  resurrection_warned 0.00  purged_rewrite_warned 0.00
    rationale       188    5%  direct_r@5 0.05  assisted_r@5 0.05  structure_only 0.00
    temporal        125  100%  in_window_r@5 1.00  leak 0.00
  grep     success  40% = 1211 passed of 3008 posed (attempted 2709/3008,  45% of those passed)   composite 0.398   S 0.11 ×1.1   score 328   standing 0 tok   2732 tok/query
           v2 score 328 = families 318 + signal 6 + tokens 3 (billed 2733 tok/query)
    retrieval      2000   47%  r@1 0.45  r@5 0.53  lexical_r@5 1.00  paraphrase_r@5 1.00  oblique_r@5 0.13  crossed_r@5 0.01  stale_above 0.46  hedge 0.00  noise 0.94
    abstention      238    0%  fp 1.00  phantom_fp 1.00  natural_fp 1.00  answered 1.00  declined 0.00  separation 0.72
    currency         75   68%  head_r@1 0.67  head_r@5 0.68  pollution 0.00
    contradiction     -  n/a — no suspect nomination
    drift             -  n/a — no suspect nomination
    deletion         83  100%  released_gone 1.00  purged_gone 1.00  resurrection_warned 0.00  purged_rewrite_warned 0.00
    rationale       188    3%  direct_r@5 0.03  assisted_r@5 0.03  structure_only 0.00
    temporal        125  100%  in_window_r@5 1.00  leak 0.00
  curated  success   7% = 223 passed of 3008 posed (attempted 2584/3008,   9% of those passed)   composite 0.148   S 0.03 ×0.3   score 119   standing 2998 tok   2952 tok/query
           v2 score 119 = families 119 + signal 0 + tokens 1 (billed 2952 tok/query)
    retrieval      2000    6%  r@1 0.07  r@5 0.07  lexical_r@5 0.07  paraphrase_r@5 0.07  oblique_r@5 0.07  crossed_r@5 0.07  stale_above 0.08  hedge 0.00  noise 1.00
    abstention      238    0%  fp 1.00  phantom_fp 1.00  natural_fp 1.00  answered 1.00  declined 0.00  separation 0.50
    currency         75    0%  head_r@1 0.00  head_r@5 0.00  pollution 0.00
    contradiction     -  n/a — no suspect nomination
    drift             -  n/a — no suspect nomination
    deletion         83  100%  released_gone 1.00  purged_gone 1.00  resurrection_warned 0.00  purged_rewrite_warned 0.00
    rationale       188   13%  direct_r@5 0.13  assisted_r@5 0.13  structure_only 0.00
    temporal          -  n/a — no capture-time scoping
  whole    success  69% = 2082 passed of 3008 posed (attempted 2584/3008,  81% of those passed)   composite 0.483   S 0.00 ×0.1   score 387   standing 142881 tok   134995 tok/query
           v2 score 387 = families 387 + signal 0 + tokens 0 (billed 134995 tok/query)
    retrieval      2000   87%  r@1 1.00  r@5 1.00  lexical_r@5 1.00  paraphrase_r@5 1.00  oblique_r@5 1.00  crossed_r@5 1.00  stale_above 1.00  hedge 0.00  noise 1.00
    abstention      238    0%  fp 1.00  phantom_fp 1.00  natural_fp 1.00  answered 1.00  declined 0.00  separation 0.50
    currency         75  100%  head_r@1 1.00  head_r@5 1.00  pollution 0.00
    contradiction     -  n/a — no suspect nomination
    drift             -  n/a — no suspect nomination
    deletion         83  100%  released_gone 1.00  purged_gone 1.00  resurrection_warned 0.00  purged_rewrite_warned 0.00
    rationale       188  100%  direct_r@5 1.00  assisted_r@5 1.00  structure_only 0.00
    temporal          -  n/a — no capture-time scoping
  chance   success   3% = 103 passed of 3008 posed (attempted 2709/3008,   4% of those passed)   composite 0.133   S 0.10 ×1.0   score 117   standing 0 tok   2259 tok/query
           v2 score 117 = families 106 + signal 0 + tokens 10 (billed 2260 tok/query)
    retrieval      2000    1%  r@1 0.00  r@5 0.01  lexical_r@5 0.01  paraphrase_r@5 0.01  oblique_r@5 0.00  crossed_r@5 0.01  stale_above 0.02  hedge 0.00  noise 1.00
    abstention      238    0%  fp 1.00  phantom_fp 1.00  natural_fp 1.00  answered 1.00  declined 0.00  separation 0.50
    currency         75    0%  head_r@1 0.00  head_r@5 0.00  pollution 0.00
    contradiction     -  n/a — no suspect nomination
    drift             -  n/a — no suspect nomination
    deletion         83  100%  released_gone 1.00  purged_gone 1.00  resurrection_warned 0.00  purged_rewrite_warned 0.00
    rationale       188    0%  direct_r@5 0.00  assisted_r@5 0.00  structure_only 0.00
    temporal        125    6%  in_window_r@5 0.06  leak 0.00
  tfidf    success  43% = 1292 passed of 3008 posed (attempted 2941/3008,  44% of those passed)   composite 0.557   S 0.82 ×8.2   score 587   standing 0 tok   141 tok/query
           v2 score 587 = families 445 + signal 42 + tokens 100 (billed 141 tok/query)
    retrieval      2000   44%  r@1 0.43  r@5 0.49  lexical_r@5 0.95  paraphrase_r@5 0.96  oblique_r@5 0.04  crossed_r@5 0.01  stale_above 0.71  hedge 0.00  noise 0.60
    abstention      238    0%  fp 1.00  phantom_fp 1.00  natural_fp 1.00  answered 1.00  declined 0.00  separation 0.68
    currency         75   69%  head_r@1 0.67  head_r@5 0.69  pollution 0.00
    contradiction   166   59%  t1_recall 0.38  t2_recall 0.38  t3_recall 0.33  t2_false_alarm 0.06  t3_false_alarm 0.19  queued 0.36  flagged 0.36  absorbed 0.00
    drift            66   73%  noticed 0.73  flagged 0.73
    deletion         83  100%  released_gone 1.00  purged_gone 1.00  resurrection_warned 0.00  purged_rewrite_warned 0.00
    rationale       188    0%  direct_r@5 0.00  assisted_r@5 0.00  structure_only 0.00
    temporal        125  100%  in_window_r@5 1.00  leak 0.00

wrote results/v2/reference-arms/500-seed3.json
