    Finished `release` profile [optimized] target(s) in 0.29s
     Running `target/release/knowledgedrift --sizes 500 --pollution-shape twin --json eval/results/2026-09-14-knowledgedrift-500-twin.json`
knowledgedrift 0.9.4 — embedder bge-small-en-v1.5, reranker jina-reranker-v1-turbo-en, nli deberta-v3-small-tasksource-nli, seed 1, pollution 10% (twin)
world 500: 630 notes, 530 edges, 3593 ops, 2387 probes
  engram: 2346 tasks, success 0.823, 958s
    settle: weak line 0.832 -> 0.824 (fit 0.815, damped) from 24 phantom probes at q90, two families; weak line 0.824; sweep queued 0
  rag: 2346 tasks, success 0.616, 56s
  grep: 2346 tasks, success 0.516, 2s
  curated: 2346 tasks, success 0.084, 1s
  whole: 2346 tasks, success 0.707, 1s
  chance: 2346 tasks, success 0.042, 0s

== 500 tested facts, 630 notes ==
  arm       posed attempted passed  success   of att. composite     S  mult   score  standing    tok/q
  engram     2346      2346   1930      82%       82%     0.907  0.57   5.7     512      3786      260
  rag        2346      2058   1446      62%       70%     0.466  0.11   1.1      49         0     2401
  grep       2346      2058   1210      52%       59%     0.416  0.10   1.0      41         0     2729
  curated    2346      1933    197       8%       10%     0.151  0.03   0.3       4      3000     2921
  whole      2346      1933   1658      71%       86%     0.486  0.00   0.1       5    152989   145774
  chance     2346      2058     99       4%        5%     0.132  0.11   1.1      14         0     2510
  engram   success  82% = 1930 passed of 2346 posed (attempted 2346/2346,  82% of those passed)   composite 0.907   S 0.57 ×5.7   score 512   standing 3786 tok   260 tok/query
    retrieval      1500   77%  r@1 0.66  r@5 0.83  lexical_r@5 1.00  paraphrase_r@5 0.99  oblique_r@5 0.50  stale_above 0.64  hedge 0.40  noise 0.51
    abstention      110   99%  fp 0.01  answered 1.00  declined 0.99  separation 0.76
    currency        100   87%  head_r@1 0.71  head_r@5 0.83  pollution 0.00  lineage 1.00
    contradiction   166   76%  t1_recall 0.94  t2_recall 0.97  t3_recall 0.00  t2_false_alarm 0.02  t3_false_alarm 0.24  queued 0.60  flagged 0.57  absorbed 0.01
    drift            55   98%  noticed 0.98  flagged 0.73
    deletion        125   90%  released_gone 1.00  purged_gone 1.00  trace 1.00  marker_leak 1.00  resurrection_warned 0.69  purged_rewrite_warned 0.00
    rationale       165   99%  direct_r@5 0.00  assisted_r@5 0.99  structure_only 0.99
    temporal        125   99%  in_window_r@5 0.99  leak 0.00
  rag      success  62% = 1446 passed of 2346 posed (attempted 2058/2346,  70% of those passed)   composite 0.466   S 0.11 ×1.1   score 49   standing 0 tok   2401 tok/query
    retrieval      1500   78%  r@1 0.64  r@5 0.83  lexical_r@5 1.00  paraphrase_r@5 0.98  oblique_r@5 0.52  stale_above 0.55  hedge 0.00  noise 0.91
    abstention      110    0%  fp 1.00  answered 1.00  declined 0.00  separation 0.80
    currency         75   93%  head_r@1 0.77  head_r@5 0.93  pollution 0.00
    contradiction     -  n/a — no suspect nomination
    drift             -  n/a — no suspect nomination
    deletion         83  100%  released_gone 1.00  purged_gone 1.00  resurrection_warned 0.00  purged_rewrite_warned 0.00
    rationale       165    2%  direct_r@5 0.02  assisted_r@5 0.02  structure_only 0.00
    temporal        125   99%  in_window_r@5 0.99  leak 0.00
  grep     success  52% = 1210 passed of 2346 posed (attempted 2058/2346,  59% of those passed)   composite 0.416   S 0.10 ×1.0   score 41   standing 0 tok   2729 tok/query
    retrieval      1500   63%  r@1 0.59  r@5 0.71  lexical_r@5 1.00  paraphrase_r@5 1.00  oblique_r@5 0.14  stale_above 0.78  hedge 0.00  noise 0.92
    abstention      110    0%  fp 1.00  answered 1.00  declined 0.00  separation 0.75
    currency         75   69%  head_r@1 0.67  head_r@5 0.69  pollution 0.00
    contradiction     -  n/a — no suspect nomination
    drift             -  n/a — no suspect nomination
    deletion         83  100%  released_gone 1.00  purged_gone 1.00  resurrection_warned 0.00  purged_rewrite_warned 0.00
    rationale       165    0%  direct_r@5 0.00  assisted_r@5 0.00  structure_only 0.00
    temporal        125  100%  in_window_r@5 1.00  leak 0.00
  curated  success   8% = 197 passed of 2346 posed (attempted 1933/2346,  10% of those passed)   composite 0.151   S 0.03 ×0.3   score 4   standing 3000 tok   2921 tok/query
    retrieval      1500    6%  r@1 0.06  r@5 0.06  lexical_r@5 0.06  paraphrase_r@5 0.06  oblique_r@5 0.06  stale_above 0.11  hedge 0.00  noise 1.00
    abstention      110    0%  fp 1.00  answered 1.00  declined 0.00  separation 0.50
    currency         75    0%  head_r@1 0.00  head_r@5 0.00  pollution 0.00
    contradiction     -  n/a — no suspect nomination
    drift             -  n/a — no suspect nomination
    deletion         83  100%  released_gone 1.00  purged_gone 1.00  resurrection_warned 0.00  purged_rewrite_warned 0.00
    rationale       165   15%  direct_r@5 0.15  assisted_r@5 0.15  structure_only 0.00
    temporal          -  n/a — no capture-time scoping
  whole    success  71% = 1658 passed of 2346 posed (attempted 1933/2346,  86% of those passed)   composite 0.486   S 0.00 ×0.1   score 5   standing 152989 tok   145774 tok/query
    retrieval      1500   89%  r@1 1.00  r@5 1.00  lexical_r@5 1.00  paraphrase_r@5 1.00  oblique_r@5 1.00  stale_above 1.00  hedge 0.00  noise 1.00
    abstention      110    0%  fp 1.00  answered 1.00  declined 0.00  separation 0.50
    currency         75  100%  head_r@1 1.00  head_r@5 1.00  pollution 0.00
    contradiction     -  n/a — no suspect nomination
    drift             -  n/a — no suspect nomination
    deletion         83  100%  released_gone 1.00  purged_gone 1.00  resurrection_warned 0.00  purged_rewrite_warned 0.00
    rationale       165  100%  direct_r@5 1.00  assisted_r@5 1.00  structure_only 0.00
    temporal          -  n/a — no capture-time scoping
  chance   success   4% = 99 passed of 2346 posed (attempted 2058/2346,   5% of those passed)   composite 0.132   S 0.11 ×1.1   score 14   standing 0 tok   2510 tok/query
    retrieval      1500    1%  r@1 0.00  r@5 0.01  lexical_r@5 0.01  paraphrase_r@5 0.01  oblique_r@5 0.00  stale_above 0.02  hedge 0.00  noise 1.00
    abstention      110    0%  fp 1.00  answered 1.00  declined 0.00  separation 0.50
    currency         75    0%  head_r@1 0.00  head_r@5 0.00  pollution 0.00
    contradiction     -  n/a — no suspect nomination
    drift             -  n/a — no suspect nomination
    deletion         83  100%  released_gone 1.00  purged_gone 1.00  resurrection_warned 0.00  purged_rewrite_warned 0.00
    rationale       165    1%  direct_r@5 0.01  assisted_r@5 0.01  structure_only 0.00
    temporal        125    4%  in_window_r@5 0.04  leak 0.00

wrote eval/results/2026-09-14-knowledgedrift-500-twin.json
exit 0
