   Compiling knowledgedrift v0.9.4 (/Users/techtheist/IdeaProjects/engram/eval/knowledgedrift)
    Finished `release` profile [optimized] target(s) in 6.84s
     Running `target/release/knowledgedrift --sizes 500,1500 --json eval/results/2026-09-14-knowledgedrift-500-1500.json`
knowledgedrift 0.9.4 — embedder bge-small-en-v1.5, reranker jina-reranker-v1-turbo-en, nli deberta-v3-small-tasksource-nli, seed 1, pollution 10%
world 500: 630 notes, 530 edges, 3593 ops, 2387 probes
  engram: 2346 tasks, success 0.855, 569s
    settle: auto-tune left the defaults; weak line 0.850; sweep queued 0
  rag: 2346 tasks, success 0.630, 36s
  grep: 2346 tasks, success 0.529, 2s
  curated: 2346 tasks, success 0.087, 1s
  whole: 2346 tasks, success 0.707, 1s
  chance: 2346 tasks, success 0.042, 0s

== 500 tested facts, 630 notes ==
  arm       posed attempted passed  success   of att. composite     S  mult   score  standing    tok/q
  engram     2346      2346   2005      85%       85%     0.905  0.57   5.7     511      3875      263
  rag        2346      2058   1478      63%       72%     0.469  0.11   1.1      51         0     2334
  grep       2346      2058   1241      53%       60%     0.418  0.10   1.0      44         0     2605
  curated    2346      1933    203       9%       11%     0.151  0.03   0.3       4      2988     2950
  whole      2346      1933   1658      71%       86%     0.486  0.00   0.1       5    141258   134043
  chance     2346      2058     99       4%        5%     0.132  0.11   1.1      15         0     2311
  engram   success  85% = 2005 passed of 2346 posed (attempted 2346/2346,  85% of those passed)   composite 0.905   S 0.57 ×5.7   score 511   standing 3875 tok   263 tok/query
    retrieval      1500   82%  r@1 0.70  r@5 0.84  lexical_r@5 1.00  paraphrase_r@5 0.99  oblique_r@5 0.54  stale_above 0.21  hedge 0.40  noise 0.50
    abstention      110   99%  fp 0.01  answered 1.00  declined 0.99  separation 0.76
    currency        100   88%  head_r@1 0.69  head_r@5 0.84  pollution 0.00  lineage 1.00
    contradiction   166   75%  t1_recall 0.94  t2_recall 0.97  t3_recall 0.00  t2_false_alarm 0.03  t3_false_alarm 0.24  queued 0.60  flagged 0.57  absorbed 0.01
    drift            55   91%  noticed 0.91  flagged 0.69
    deletion        125   90%  released_gone 1.00  purged_gone 1.00  trace 1.00  marker_leak 1.00  resurrection_warned 0.69  purged_rewrite_warned 0.00
    rationale       165   99%  direct_r@5 0.00  assisted_r@5 0.99  structure_only 0.99
    temporal        125   99%  in_window_r@5 0.99  leak 0.00
  rag      success  63% = 1478 passed of 2346 posed (attempted 2058/2346,  72% of those passed)   composite 0.469   S 0.11 ×1.1   score 51   standing 0 tok   2334 tok/query
    retrieval      1500   80%  r@1 0.65  r@5 0.84  lexical_r@5 1.00  paraphrase_r@5 0.98  oblique_r@5 0.54  stale_above 0.38  hedge 0.00  noise 0.91
    abstention      110    0%  fp 1.00  answered 1.00  declined 0.00  separation 0.79
    currency         75   93%  head_r@1 0.77  head_r@5 0.93  pollution 0.00
    contradiction     -  n/a — no suspect nomination
    drift             -  n/a — no suspect nomination
    deletion         83  100%  released_gone 1.00  purged_gone 1.00  resurrection_warned 0.00  purged_rewrite_warned 0.00
    rationale       165    3%  direct_r@5 0.03  assisted_r@5 0.03  structure_only 0.00
    temporal        125   99%  in_window_r@5 0.99  leak 0.00
  grep     success  53% = 1241 passed of 2346 posed (attempted 2058/2346,  60% of those passed)   composite 0.418   S 0.10 ×1.0   score 44   standing 0 tok   2605 tok/query
    retrieval      1500   65%  r@1 0.61  r@5 0.72  lexical_r@5 1.00  paraphrase_r@5 1.00  oblique_r@5 0.15  stale_above 0.58  hedge 0.00  noise 0.92
    abstention      110    0%  fp 1.00  answered 1.00  declined 0.00  separation 0.75
    currency         75   69%  head_r@1 0.67  head_r@5 0.69  pollution 0.00
    contradiction     -  n/a — no suspect nomination
    drift             -  n/a — no suspect nomination
    deletion         83  100%  released_gone 1.00  purged_gone 1.00  resurrection_warned 0.00  purged_rewrite_warned 0.00
    rationale       165    0%  direct_r@5 0.00  assisted_r@5 0.00  structure_only 0.00
    temporal        125  100%  in_window_r@5 1.00  leak 0.00
  curated  success   9% = 203 passed of 2346 posed (attempted 1933/2346,  11% of those passed)   composite 0.151   S 0.03 ×0.3   score 4   standing 2988 tok   2950 tok/query
    retrieval      1500    6%  r@1 0.07  r@5 0.07  lexical_r@5 0.07  paraphrase_r@5 0.07  oblique_r@5 0.07  stale_above 0.15  hedge 0.00  noise 1.00
    abstention      110    0%  fp 1.00  answered 1.00  declined 0.00  separation 0.50
    currency         75    0%  head_r@1 0.00  head_r@5 0.00  pollution 0.00
    contradiction     -  n/a — no suspect nomination
    drift             -  n/a — no suspect nomination
    deletion         83  100%  released_gone 1.00  purged_gone 1.00  resurrection_warned 0.00  purged_rewrite_warned 0.00
    rationale       165   15%  direct_r@5 0.15  assisted_r@5 0.15  structure_only 0.00
    temporal          -  n/a — no capture-time scoping
  whole    success  71% = 1658 passed of 2346 posed (attempted 1933/2346,  86% of those passed)   composite 0.486   S 0.00 ×0.1   score 5   standing 141258 tok   134043 tok/query
    retrieval      1500   89%  r@1 1.00  r@5 1.00  lexical_r@5 1.00  paraphrase_r@5 1.00  oblique_r@5 1.00  stale_above 1.00  hedge 0.00  noise 1.00
    abstention      110    0%  fp 1.00  answered 1.00  declined 0.00  separation 0.50
    currency         75  100%  head_r@1 1.00  head_r@5 1.00  pollution 0.00
    contradiction     -  n/a — no suspect nomination
    drift             -  n/a — no suspect nomination
    deletion         83  100%  released_gone 1.00  purged_gone 1.00  resurrection_warned 0.00  purged_rewrite_warned 0.00
    rationale       165  100%  direct_r@5 1.00  assisted_r@5 1.00  structure_only 0.00
    temporal          -  n/a — no capture-time scoping
  chance   success   4% = 99 passed of 2346 posed (attempted 2058/2346,   5% of those passed)   composite 0.132   S 0.11 ×1.1   score 15   standing 0 tok   2311 tok/query
    retrieval      1500    1%  r@1 0.00  r@5 0.01  lexical_r@5 0.01  paraphrase_r@5 0.01  oblique_r@5 0.00  stale_above 0.02  hedge 0.00  noise 1.00
    abstention      110    0%  fp 1.00  answered 1.00  declined 0.00  separation 0.50
    currency         75    0%  head_r@1 0.00  head_r@5 0.00  pollution 0.00
    contradiction     -  n/a — no suspect nomination
    drift             -  n/a — no suspect nomination
    deletion         83  100%  released_gone 1.00  purged_gone 1.00  resurrection_warned 0.00  purged_rewrite_warned 0.00
    rationale       165    1%  direct_r@5 0.01  assisted_r@5 0.01  structure_only 0.00
    temporal        125    4%  in_window_r@5 0.04  leak 0.00
world 1500: 1883 notes, 1590 edges, 10816 ops, 7203 probes
  engram: 7078 tasks, success 0.804, 1953s
    settle: auto-tune left the defaults; weak line 0.850; sweep queued 0
  rag: 7078 tasks, success 0.574, 108s
  grep: 7078 tasks, success 0.505, 17s
  curated: 7078 tasks, success 0.053, 9s
  whole: 7078 tasks, success 0.712, 75s
  chance: 7078 tasks, success 0.039, 0s

== 1500 tested facts, 1883 notes ==
  arm       posed attempted passed  success   of att. composite     S  mult   score  standing    tok/q
  engram     7078      7078   5694      80%       80%     0.877  0.52   5.2     459      3769      288
  rag        7078      6220   4064      57%       65%     0.442  0.12   1.2      52         0     2152
  grep       7078      6220   3575      51%       57%     0.412  0.10   1.0      43         0     2620
  curated    7078      5845    376       5%        6%     0.134  0.03   0.3       4      2982     2932
  whole      7078      5845   5041      71%       86%     0.487  0.00   0.1       5    423672   401934
  chance     7078      6220    273       4%        4%     0.129  0.10   1.0      13         0     2321
  engram   success  80% = 5694 passed of 7078 posed (attempted 7078/7078,  80% of those passed)   composite 0.877   S 0.52 ×5.2   score 459   standing 3769 tok   288 tok/query
    retrieval      4500   75%  r@1 0.66  r@5 0.78  lexical_r@5 1.00  paraphrase_r@5 0.99  oblique_r@5 0.34  stale_above 0.23  hedge 0.35  noise 0.58
    abstention      330   98%  fp 0.02  answered 1.00  declined 0.98  separation 0.76
    currency        300   80%  head_r@1 0.71  head_r@5 0.74  pollution 0.00  lineage 1.00
    contradiction   500   75%  t1_recall 0.78  t2_recall 0.91  t3_recall 0.01  t2_false_alarm 0.03  t3_false_alarm 0.15  queued 0.54  flagged 0.52  absorbed 0.00
    drift           158   91%  noticed 0.91  flagged 0.73
    deletion        375   83%  released_gone 1.00  purged_gone 1.00  trace 1.00  marker_leak 1.00  resurrection_warned 0.50  purged_rewrite_warned 0.02
    rationale       540   99%  direct_r@5 0.00  assisted_r@5 0.99  structure_only 0.99
    temporal        375   99%  in_window_r@5 0.99  leak 0.00
  rag      success  57% = 4064 passed of 7078 posed (attempted 6220/7078,  65% of those passed)   composite 0.442   S 0.12 ×1.2   score 52   standing 0 tok   2152 tok/query
    retrieval      4500   72%  r@1 0.58  r@5 0.76  lexical_r@5 0.99  paraphrase_r@5 0.95  oblique_r@5 0.35  stale_above 0.41  hedge 0.00  noise 0.92
    abstention      330    0%  fp 1.00  answered 1.00  declined 0.00  separation 0.78
    currency        225   81%  head_r@1 0.65  head_r@5 0.81  pollution 0.00
    contradiction     -  n/a — no suspect nomination
    drift             -  n/a — no suspect nomination
    deletion        250  100%  released_gone 1.00  purged_gone 1.00  resurrection_warned 0.00  purged_rewrite_warned 0.00
    rationale       540    1%  direct_r@5 0.01  assisted_r@5 0.01  structure_only 0.00
    temporal        375   99%  in_window_r@5 0.99  leak 0.00
  grep     success  51% = 3575 passed of 7078 posed (attempted 6220/7078,  57% of those passed)   composite 0.412   S 0.10 ×1.0   score 43   standing 0 tok   2620 tok/query
    retrieval      4500   62%  r@1 0.58  r@5 0.68  lexical_r@5 1.00  paraphrase_r@5 1.00  oblique_r@5 0.05  stale_above 0.59  hedge 0.00  noise 0.93
    abstention      330    0%  fp 1.00  answered 1.00  declined 0.00  separation 0.76
    currency        225   67%  head_r@1 0.66  head_r@5 0.67  pollution 0.00
    contradiction     -  n/a — no suspect nomination
    drift             -  n/a — no suspect nomination
    deletion        250  100%  released_gone 1.00  purged_gone 1.00  resurrection_warned 0.00  purged_rewrite_warned 0.00
    rationale       540    0%  direct_r@5 0.00  assisted_r@5 0.00  structure_only 0.00
    temporal        375  100%  in_window_r@5 1.00  leak 0.00
  curated  success   5% = 376 passed of 7078 posed (attempted 5845/7078,   6% of those passed)   composite 0.134   S 0.03 ×0.3   score 4   standing 2982 tok   2932 tok/query
    retrieval      4500    2%  r@1 0.02  r@5 0.02  lexical_r@5 0.02  paraphrase_r@5 0.02  oblique_r@5 0.02  stale_above 0.03  hedge 0.00  noise 1.00
    abstention      330    0%  fp 1.00  answered 1.00  declined 0.00  separation 0.50
    currency        225    0%  head_r@1 0.00  head_r@5 0.00  pollution 0.00
    contradiction     -  n/a — no suspect nomination
    drift             -  n/a — no suspect nomination
    deletion        250  100%  released_gone 1.00  purged_gone 1.00  resurrection_warned 0.00  purged_rewrite_warned 0.00
    rationale       540    5%  direct_r@5 0.05  assisted_r@5 0.05  structure_only 0.00
    temporal          -  n/a — no capture-time scoping
  whole    success  71% = 5041 passed of 7078 posed (attempted 5845/7078,  86% of those passed)   composite 0.487   S 0.00 ×0.1   score 5   standing 423672 tok   401934 tok/query
    retrieval      4500   89%  r@1 1.00  r@5 1.00  lexical_r@5 1.00  paraphrase_r@5 1.00  oblique_r@5 1.00  stale_above 1.00  hedge 0.00  noise 1.00
    abstention      330    0%  fp 1.00  answered 1.00  declined 0.00  separation 0.50
    currency        225  100%  head_r@1 1.00  head_r@5 1.00  pollution 0.00
    contradiction     -  n/a — no suspect nomination
    drift             -  n/a — no suspect nomination
    deletion        250  100%  released_gone 1.00  purged_gone 1.00  resurrection_warned 0.00  purged_rewrite_warned 0.00
    rationale       540  100%  direct_r@5 1.00  assisted_r@5 1.00  structure_only 0.00
    temporal          -  n/a — no capture-time scoping
  chance   success   4% = 273 passed of 7078 posed (attempted 6220/7078,   4% of those passed)   composite 0.129   S 0.10 ×1.0   score 13   standing 0 tok   2321 tok/query
    retrieval      4500    0%  r@1 0.00  r@5 0.00  lexical_r@5 0.00  paraphrase_r@5 0.00  oblique_r@5 0.00  stale_above 0.01  hedge 0.00  noise 1.00
    abstention      330    0%  fp 1.00  answered 1.00  declined 0.00  separation 0.50
    currency        225    0%  head_r@1 0.00  head_r@5 0.00  pollution 0.00
    contradiction     -  n/a — no suspect nomination
    drift             -  n/a — no suspect nomination
    deletion        250  100%  released_gone 1.00  purged_gone 1.00  resurrection_warned 0.00  purged_rewrite_warned 0.00
    rationale       540    0%  direct_r@5 0.00  assisted_r@5 0.00  structure_only 0.00
    temporal        375    2%  in_window_r@5 0.02  leak 0.00

wrote eval/results/2026-09-14-knowledgedrift-500-1500.json
exit 0
