knowledgedrift 1.0.0 — embedder bge-small-en-v1.5, reranker jina-reranker-v1-turbo-en, nli deberta-v3-small-tasksource-nli, seed 1, pollution 10% (stale)
edition 2: additive score = families (800) + signal (100) + tokens (100)
world 500: 630 notes, 530 edges, 4286 ops, 3083 probes
  engram: 3042 tasks, success 0.727, 891s
    settle: auto-tune left the defaults; weak line 0.844; sweep queued 0

== 500 tested facts, 630 notes, v2 ==
  arm       posed attempted passed  success   of att. composite     S  mult   score  standing    tok/q
  engram     3042      3042   2212      73%       73%     0.887  0.63   6.3     816      3891      255
  arm      families   signal  tokens   score    billed
  engram        710       36      70     816       450
  engram   success  73% = 2212 passed of 3042 posed (attempted 3042/3042,  73% of those passed)   composite 0.887   S 0.63 ×6.3   score 816   standing 3891 tok   255 tok/query
           v2 score 816 = families 710 + signal 36 + tokens 70 (billed 450 tok/query)
    retrieval      2063   63%  r@1 0.53  r@5 0.63  lexical_r@5 1.00  paraphrase_r@5 0.99  oblique_r@5 0.53  crossed_r@5 0.02  path_r@5 1.00  path_cover 0.99  stale_above 0.15  hedge 0.39  noise 0.51
    abstention      238   98%  fp 0.02  phantom_fp 0.01  natural_fp 0.03  answered 1.00  declined 0.98  separation 0.69
    currency        100   88%  head_r@1 0.71  head_r@5 0.84  pollution 0.00  lineage 1.00
    contradiction   166   72%  t1_recall 0.83  t2_recall 0.56  t3_recall 0.12  t2_false_alarm 0.00  t3_false_alarm 0.05  queued 0.54  flagged 0.50  absorbed 0.02
    drift            55   91%  noticed 0.91  flagged 0.71
    deletion        125  100%  released_gone 1.00  purged_gone 1.00  trace 1.00  marker_leak 1.00  resurrection_warned 1.00  purged_rewrite_warned 0.02
    rationale       170   98%  direct_r@5 0.00  assisted_r@5 0.98  structure_only 0.98
    temporal        125  100%  in_window_r@5 1.00  leak 0.00

wrote results/v2/reference-arms/engram-0.9.9/500-seed1.json
